MPLINK 5.09, LINKER
Linker Map File - Created Thu Sep 12 21:00:11 2024

                                 Section Info
                  Section       Type    Address   Location Size(Bytes)
                ---------  ---------  ---------  ---------  ---------
                   .org_0       code   0x000000    program   0x00008a
                   .cinit    romdata   0x000045    program   0x000004
.config_2007_BUILD/DEFAULT/DEBUG/HOJA1Q.O       code   0x002007    program   0x000002
.config_2008_BUILD/DEFAULT/DEBUG/HOJA1Q.O       code   0x002008    program   0x000002



                              Program Memory Usage 
                               Start         End      
                           ---------   ---------      
                            0x000000    0x000046      
                            0x002007    0x002008      
            73 out of 8455 program addresses used, program memory utilization is 0%



                              Symbols - Sorted by Name
                     Name    Address   Location    Storage File                     
                ---------  ---------  ---------  --------- ---------                
                   INICIO   0x000001    program     static C:\Users\Juanfer\Desktop\Microcontroladores\blink\hoja1.X\hoja1q.asm
                    REP_1   0x00003e    program     static C:\Users\Juanfer\Desktop\Microcontroladores\blink\hoja1.X\hoja1q.asm
                    REP_2   0x000040    program     static C:\Users\Juanfer\Desktop\Microcontroladores\blink\hoja1.X\hoja1q.asm
                  RETARDO   0x00003c    program     static C:\Users\Juanfer\Desktop\Microcontroladores\blink\hoja1.X\hoja1q.asm
                SECUENCIA   0x00000c    program     static C:\Users\Juanfer\Desktop\Microcontroladores\blink\hoja1.X\hoja1q.asm



                              Symbols - Sorted by Address
                     Name    Address   Location    Storage File                     
                ---------  ---------  ---------  --------- ---------                
                   INICIO   0x000001    program     static C:\Users\Juanfer\Desktop\Microcontroladores\blink\hoja1.X\hoja1q.asm
                SECUENCIA   0x00000c    program     static C:\Users\Juanfer\Desktop\Microcontroladores\blink\hoja1.X\hoja1q.asm
                  RETARDO   0x00003c    program     static C:\Users\Juanfer\Desktop\Microcontroladores\blink\hoja1.X\hoja1q.asm
                    REP_1   0x00003e    program     static C:\Users\Juanfer\Desktop\Microcontroladores\blink\hoja1.X\hoja1q.asm
                    REP_2   0x000040    program     static C:\Users\Juanfer\Desktop\Microcontroladores\blink\hoja1.X\hoja1q.asm


