MPLINK 5.09, LINKER
Linker Map File - Created Thu Sep 12 08:30:26 2024

                                 Section Info
                  Section       Type    Address   Location Size(Bytes)
                ---------  ---------  ---------  ---------  ---------
                   .org_0       code   0x000000    program   0x000066
                   .cinit    romdata   0x000033    program   0x000004
.config_2007_BUILD/DEFAULT/PRODUCTION/SECUENC       code   0x002007    program   0x000002
.config_2008_BUILD/DEFAULT/PRODUCTION/SECUENC       code   0x002008    program   0x000002



                              Program Memory Usage 
                               Start         End      
                           ---------   ---------      
                            0x000000    0x000034      
                            0x002007    0x002008      
            55 out of 8455 program addresses used, program memory utilization is 0%



                              Symbols - Sorted by Name
                     Name    Address   Location    Storage File                     
                ---------  ---------  ---------  --------- ---------                
                    DELAY   0x000028    program     static C:\Users\Juanfer\Desktop\Microcontroladores\blink\secuencia9.X\secuencia9.asm
                   INICIO   0x000001    program     static C:\Users\Juanfer\Desktop\Microcontroladores\blink\secuencia9.X\secuencia9.asm
                    LOOP1   0x00000f    program     static C:\Users\Juanfer\Desktop\Microcontroladores\blink\secuencia9.X\secuencia9.asm
                    LOOP2   0x00001d    program     static C:\Users\Juanfer\Desktop\Microcontroladores\blink\secuencia9.X\secuencia9.asm
                  RETARDO   0x00002a    program     static C:\Users\Juanfer\Desktop\Microcontroladores\blink\secuencia9.X\secuencia9.asm
                 RETARDO1   0x00002c    program     static C:\Users\Juanfer\Desktop\Microcontroladores\blink\secuencia9.X\secuencia9.asm
                 RETARDO2   0x00002e    program     static C:\Users\Juanfer\Desktop\Microcontroladores\blink\secuencia9.X\secuencia9.asm
               SECUENCIA9   0x000009    program     static C:\Users\Juanfer\Desktop\Microcontroladores\blink\secuencia9.X\secuencia9.asm



                              Symbols - Sorted by Address
                     Name    Address   Location    Storage File                     
                ---------  ---------  ---------  --------- ---------                
                   INICIO   0x000001    program     static C:\Users\Juanfer\Desktop\Microcontroladores\blink\secuencia9.X\secuencia9.asm
               SECUENCIA9   0x000009    program     static C:\Users\Juanfer\Desktop\Microcontroladores\blink\secuencia9.X\secuencia9.asm
                    LOOP1   0x00000f    program     static C:\Users\Juanfer\Desktop\Microcontroladores\blink\secuencia9.X\secuencia9.asm
                    LOOP2   0x00001d    program     static C:\Users\Juanfer\Desktop\Microcontroladores\blink\secuencia9.X\secuencia9.asm
                    DELAY   0x000028    program     static C:\Users\Juanfer\Desktop\Microcontroladores\blink\secuencia9.X\secuencia9.asm
                  RETARDO   0x00002a    program     static C:\Users\Juanfer\Desktop\Microcontroladores\blink\secuencia9.X\secuencia9.asm
                 RETARDO1   0x00002c    program     static C:\Users\Juanfer\Desktop\Microcontroladores\blink\secuencia9.X\secuencia9.asm
                 RETARDO2   0x00002e    program     static C:\Users\Juanfer\Desktop\Microcontroladores\blink\secuencia9.X\secuencia9.asm


