MPLINK 5.09, LINKER
Linker Map File - Created Thu Sep 12 21:01:44 2024

                                 Section Info
                  Section       Type    Address   Location Size(Bytes)
                ---------  ---------  ---------  ---------  ---------
                   .org_0       code   0x000000    program   0x000052
                   .cinit    romdata   0x000029    program   0x000004
.config_2007_BUILD/DEFAULT/DEBUG/HOJA3.O       code   0x002007    program   0x000002
.config_2008_BUILD/DEFAULT/DEBUG/HOJA3.O       code   0x002008    program   0x000002



                              Program Memory Usage 
                               Start         End      
                           ---------   ---------      
                            0x000000    0x00002a      
                            0x002007    0x002008      
            45 out of 8455 program addresses used, program memory utilization is 0%



                              Symbols - Sorted by Name
                     Name    Address   Location    Storage File                     
                ---------  ---------  ---------  --------- ---------                
                   INICIO   0x000001    program     static C:\Users\Juanfer\Desktop\Microcontroladores\blink\hoja3.X\hoja3.asm
            MOSTRAR_FINAL   0x000019    program     static C:\Users\Juanfer\Desktop\Microcontroladores\blink\hoja3.X\hoja3.asm
                REINICIAR   0x00001d    program     static C:\Users\Juanfer\Desktop\Microcontroladores\blink\hoja3.X\hoja3.asm
                    REP_1   0x000022    program     static C:\Users\Juanfer\Desktop\Microcontroladores\blink\hoja3.X\hoja3.asm
                    REP_2   0x000024    program     static C:\Users\Juanfer\Desktop\Microcontroladores\blink\hoja3.X\hoja3.asm
                  RETARDO   0x000020    program     static C:\Users\Juanfer\Desktop\Microcontroladores\blink\hoja3.X\hoja3.asm
                SECUENCIA   0x00000e    program     static C:\Users\Juanfer\Desktop\Microcontroladores\blink\hoja3.X\hoja3.asm



                              Symbols - Sorted by Address
                     Name    Address   Location    Storage File                     
                ---------  ---------  ---------  --------- ---------                
                   INICIO   0x000001    program     static C:\Users\Juanfer\Desktop\Microcontroladores\blink\hoja3.X\hoja3.asm
                SECUENCIA   0x00000e    program     static C:\Users\Juanfer\Desktop\Microcontroladores\blink\hoja3.X\hoja3.asm
            MOSTRAR_FINAL   0x000019    program     static C:\Users\Juanfer\Desktop\Microcontroladores\blink\hoja3.X\hoja3.asm
                REINICIAR   0x00001d    program     static C:\Users\Juanfer\Desktop\Microcontroladores\blink\hoja3.X\hoja3.asm
                  RETARDO   0x000020    program     static C:\Users\Juanfer\Desktop\Microcontroladores\blink\hoja3.X\hoja3.asm
                    REP_1   0x000022    program     static C:\Users\Juanfer\Desktop\Microcontroladores\blink\hoja3.X\hoja3.asm
                    REP_2   0x000024    program     static C:\Users\Juanfer\Desktop\Microcontroladores\blink\hoja3.X\hoja3.asm


