MPLINK 5.09, LINKER
Linker Map File - Created Thu Sep 12 08:30:19 2024

                                 Section Info
                  Section       Type    Address   Location Size(Bytes)
                ---------  ---------  ---------  ---------  ---------
                   .org_0       code   0x000000    program   0x000064
                   .cinit    romdata   0x000032    program   0x000004
.config_2007_BUILD/DEFAULT/PRODUCTION/SECUENC       code   0x002007    program   0x000002
.config_2008_BUILD/DEFAULT/PRODUCTION/SECUENC       code   0x002008    program   0x000002



                              Program Memory Usage 
                               Start         End      
                           ---------   ---------      
                            0x000000    0x000033      
                            0x002007    0x002008      
            54 out of 8455 program addresses used, program memory utilization is 0%



                              Symbols - Sorted by Name
                     Name    Address   Location    Storage File                     
                ---------  ---------  ---------  --------- ---------                
                    DELAY   0x000026    program     static C:\Users\Juanfer\Desktop\Microcontroladores\blink\secuencia2.X\secuencia2.asm
                   INICIO   0x000001    program     static C:\Users\Juanfer\Desktop\Microcontroladores\blink\secuencia2.X\secuencia2.asm
                REINICIAR   0x000020    program     static C:\Users\Juanfer\Desktop\Microcontroladores\blink\secuencia2.X\secuencia2.asm
                    REP_1   0x00002b    program     static C:\Users\Juanfer\Desktop\Microcontroladores\blink\secuencia2.X\secuencia2.asm
                    REP_2   0x00002d    program     static C:\Users\Juanfer\Desktop\Microcontroladores\blink\secuencia2.X\secuencia2.asm
                  RETARDO   0x000029    program     static C:\Users\Juanfer\Desktop\Microcontroladores\blink\secuencia2.X\secuencia2.asm
               SECUENCIA1   0x00000e    program     static C:\Users\Juanfer\Desktop\Microcontroladores\blink\secuencia2.X\secuencia2.asm
      SECUENCIA1_CONTINUA   0x000017    program     static C:\Users\Juanfer\Desktop\Microcontroladores\blink\secuencia2.X\secuencia2.asm
               SECUENCIA2   0x000019    program     static C:\Users\Juanfer\Desktop\Microcontroladores\blink\secuencia2.X\secuencia2.asm



                              Symbols - Sorted by Address
                     Name    Address   Location    Storage File                     
                ---------  ---------  ---------  --------- ---------                
                   INICIO   0x000001    program     static C:\Users\Juanfer\Desktop\Microcontroladores\blink\secuencia2.X\secuencia2.asm
               SECUENCIA1   0x00000e    program     static C:\Users\Juanfer\Desktop\Microcontroladores\blink\secuencia2.X\secuencia2.asm
      SECUENCIA1_CONTINUA   0x000017    program     static C:\Users\Juanfer\Desktop\Microcontroladores\blink\secuencia2.X\secuencia2.asm
               SECUENCIA2   0x000019    program     static C:\Users\Juanfer\Desktop\Microcontroladores\blink\secuencia2.X\secuencia2.asm
                REINICIAR   0x000020    program     static C:\Users\Juanfer\Desktop\Microcontroladores\blink\secuencia2.X\secuencia2.asm
                    DELAY   0x000026    program     static C:\Users\Juanfer\Desktop\Microcontroladores\blink\secuencia2.X\secuencia2.asm
                  RETARDO   0x000029    program     static C:\Users\Juanfer\Desktop\Microcontroladores\blink\secuencia2.X\secuencia2.asm
                    REP_1   0x00002b    program     static C:\Users\Juanfer\Desktop\Microcontroladores\blink\secuencia2.X\secuencia2.asm
                    REP_2   0x00002d    program     static C:\Users\Juanfer\Desktop\Microcontroladores\blink\secuencia2.X\secuencia2.asm


